// Jest Snapshot v1, https://goo.gl/fbAQLP

exports[`Should withUserAnswer render correctly 1`] = `<div />`;
