// Jest Snapshot v1, https://goo.gl/fbAQLP

exports[`Should withActivePlayer render correctly 1`] = `<div />`;
