// Jest Snapshot v1, https://goo.gl/fbAQLP

exports[`Should Mistakes render correctly 1`] = `
<div
  className="game__mistakes"
/>
`;
